/home/phylip/Downloads/mlops-base-template/scripts/e2e_demo_mlflow.py:66: FutureWarning: ``mlflow.tracking.client.MlflowClient.get_latest_versions`` is deprecated since 2.9.0. Model registry stages will be removed in a future major release. To learn more about the deprecation of model registry stages, see our migration guide here: https://mlflow.org/docs/latest/model-registry.html#migrating-from-stages
  versions = client.get_latest_versions(f"{uc}_model", stages=["None"])
Enviando +30 muestras por caso forzar entrenamiento...
Para el caso fraude_financiero...
  Enviado req 0, status: 200, response: {"status":"Ingested","use_case":"fraude_financiero","anomaly_flagged":false}
  Enviado req 10, status: 200, response: {"status":"Ingested","use_case":"fraude_financiero","anomaly_flagged":false}
  Enviado req 20, status: 200, response: {"status":"Ingested","use_case":"fraude_financiero","anomaly_flagged":false}
  Enviado req 30, status: 200, response: {"status":"Ingested","use_case":"fraude_financiero","anomaly_flagged":false}
Para el caso abandono_clientes...
  Enviado req 0, status: 200, response: {"status":"Ingested","use_case":"abandono_clientes","anomaly_flagged":false}
  Enviado req 10, status: 200, response: {"status":"Ingested","use_case":"abandono_clientes","anomaly_flagged":false}
  Enviado req 20, status: 200, response: {"status":"Ingested","use_case":"abandono_clientes","anomaly_flagged":false}
  Enviado req 30, status: 200, response: {"status":"Ingested","use_case":"abandono_clientes","anomaly_flagged":false}
Muestras enviadas, esperando BackgroundTasks de FastAPI (15s)...

========= METRICAS MLFLOW ============
✅ fraude_financiero entrenado. Accuracy = 1.0
   Modelo subido a MinIO: models:/m-520ca4c549c7467d99043589b3b2905f
   Version Alias 'champion': v14
✅ abandono_clientes entrenado. Accuracy = 1.0
   Modelo subido a MinIO: models:/m-cd08fea55366478299f4c3ab724449e7
   Version Alias 'champion': v20
